// Jest Snapshot v1, https://goo.gl/fbAQLP

exports[`Input renders correctly 1`] = `
<input
  className="src__Input-sc-1h9q7y1-0 ihHtpd"
/>
`;
